ƒ \textflorin{}
Α \ensuremath{\mathrm{A}}
Β \ensuremath{\mathrm{B}}
Γ \ensuremath{\Gamma}
Δ \ensuremath{\Delta}
Ε \ensuremath{\mathrm{E}}
Ζ \ensuremath{\mathrm{Z}}
Η \ensuremath{\mathrm{H}}
Θ \ensuremath{\Theta}
Ι \ensuremath{\mathrm{I}}
Κ \ensuremath{\mathrm{K}}
Λ \ensuremath{\Lambda}
Μ \ensuremath{\mathrm{M}}
Ν \ensuremath{\mathrm{N}}
Ξ \ensuremath{\Xi}
Ο \ensuremath{\mathrm{O}}
Π \ensuremath{\Pi}
Ρ \ensuremath{\mathrm{R}}
Σ \ensuremath{\Sigma}
Τ \ensuremath{\mathrm{T}}
Υ \ensuremath{\Upsilon
Φ \ensuremath{\Phi}
Χ \ensuremath{\mathrm{X}}
Ψ \ensuremath{\Psi}
Ω \ensuremath{\Omega}
α \ensuremath{\alpha}
β \ensuremath{\beta}
γ \ensuremath{\gamma}
δ \ensuremath{\delta}
ε \ensuremath{\epsilon}
ζ \ensuremath{\zeta}
η \ensuremath{\eta}
θ \ensuremath{\theta}
ι \ensuremath{\iota}
κ \ensuremath{\kappa}
λ \ensuremath{\lambda}
μ \ensuremath{\mu}
ν \ensuremath{\nu}
ξ \ensuremath{\xi}
ο \ensuremath{o}
π \ensuremath{\pi}
ρ \ensuremath{\rho}
σ \ensuremath{\sigma}
τ \ensuremath{\tau}
υ \ensuremath{\upsilon}
φ \ensuremath{\phi}
χ \ensuremath{\chi}
ψ \ensuremath{\psi}
ω \ensuremath{\omega}
• \textbullet{}
… \textellipsis{}
′ \ensuremath{'}
″ \ensuremath{''}
‾ \textasciimacron{}
⁄ \textfractionsolidus{}
℘ \ensuremath{wp}
ℑ \ensuremath{Im}
ℜ \ensuremath{Re}
™ \texttrademark{}
← \ensuremath{\leftarrow}
↑ \ensuremath{\uparrow}
→ \ensuremath{\rightarrow}
↓ \ensuremath{\downarrow}
↔ \ensuremath{\leftrightarrow}
⇐ \ensuremath{\Leftarrow}
⇑ \ensuremath{\Uparrow}
⇒ \ensuremath{\Rightarrow}
⇓ \ensuremath{\Downarrow}
⇔ \ensuremath{Leftrightarrow}
∀ \ensuremath{\forall}
∂ \ensuremath{\partial}
∃ \ensuremath{\exists}
∅ \ensuremath{\emptyset}
∇ \ensuremath{\nabla}
∈ \ensuremath{\in}
∉ \ensuremath{\notin}
∋ \ensuremath{\ni}
∏ \ensuremath{\prod}
∑ \ensuremath{\sum}
− \ensuremath{-}
∗ \ensuremath{\ast}
√ \ensuremath{\surd}
∝ \ensuremath{\propto}
∞ \ensuremath{\infty}
∠ \ensuremath{\angle}
∧ \ensuremath{\wedge}
∨ \ensuremath{\vee}
∩ \ensuremath{\cap}
∪ \ensuremath{\cup}
∫ \ensuremath{\int}
∴ \ensuremath{\therefore}
∼ \ensuremath{\sim}
≅ \ensuremath{\cong}
≈ \ensuremath{\asymp}
≠ \ensuremath{\neq}
≡ \ensuremath{\equiv}
≤ \ensuremath{\leq}
≥ \ensuremath{\geq}
⊂ \ensuremath{\subset}
⊃ \ensuremath{\supset}
⊄ \ensuremath{\not\subset}
⊆ \ensuremath{\subseteq}
⊇ \ensuremath{\supseteq}
⊕ \ensuremath{\oplus}
⊗ \ensuremath{\otimes}
⊥ \ensuremath{\perp}
⋅ \ensuremath{\cdot}
⌈ \ensuremath{\left\lceil}
⌉ \ensuremath{\right\rceil}
⌊ \ensuremath{\left\lfloor}
⌋ \ensuremath{\right\rfloor}
〈 \ensuremath{\left\langle}
〉 \ensuremath{\right\langle}
◊ \ensuremath{\lozenge}
♠ \ensuremath{\spadesuit}
♣ \ensuremath{\clubsuit}
♥ \ensuremath{\heartsuit}
♦ \ensuremath{\diamondsuit}